Archive member included to satisfy reference by file (symbol)

c:/dev_tools/stm32_tools/gnu-tools-for-stm32.12.3/tools/bin/../lib/gcc/arm-none-eabi/10.3.1/../../../../arm-none-eabi/lib/thumb/v7-m/nofp\libc_nano.a(lib_a-errno.o)
                              Debug/syscalls.o (__errno)
c:/dev_tools/stm32_tools/gnu-tools-for-stm32.12.3/tools/bin/../lib/gcc/arm-none-eabi/10.3.1/../../../../arm-none-eabi/lib/thumb/v7-m/nofp\libc_nano.a(lib_a-exit.o)
                              c:/dev_tools/stm32_tools/gnu-tools-for-stm32.12.3/tools/bin/../lib/gcc/arm-none-eabi/10.3.1/../../../../arm-none-eabi/lib/thumb/v7-m/nofp/crt0.o (exit)
c:/dev_tools/stm32_tools/gnu-tools-for-stm32.12.3/tools/bin/../lib/gcc/arm-none-eabi/10.3.1/../../../../arm-none-eabi/lib/thumb/v7-m/nofp\libc_nano.a(lib_a-impure.o)
                              c:/dev_tools/stm32_tools/gnu-tools-for-stm32.12.3/tools/bin/../lib/gcc/arm-none-eabi/10.3.1/../../../../arm-none-eabi/lib/thumb/v7-m/nofp\libc_nano.a(lib_a-exit.o) (_global_impure_ptr)
c:/dev_tools/stm32_tools/gnu-tools-for-stm32.12.3/tools/bin/../lib/gcc/arm-none-eabi/10.3.1/../../../../arm-none-eabi/lib/thumb/v7-m/nofp\libc_nano.a(lib_a-init.o)
                              c:/dev_tools/stm32_tools/gnu-tools-for-stm32.12.3/tools/bin/../lib/gcc/arm-none-eabi/10.3.1/../../../../arm-none-eabi/lib/thumb/v7-m/nofp/crt0.o (__libc_init_array)
c:/dev_tools/stm32_tools/gnu-tools-for-stm32.12.3/tools/bin/../lib/gcc/arm-none-eabi/10.3.1/../../../../arm-none-eabi/lib/thumb/v7-m/nofp\libc_nano.a(lib_a-memset.o)
                              c:/dev_tools/stm32_tools/gnu-tools-for-stm32.12.3/tools/bin/../lib/gcc/arm-none-eabi/10.3.1/../../../../arm-none-eabi/lib/thumb/v7-m/nofp/crt0.o (memset)
c:/dev_tools/stm32_tools/gnu-tools-for-stm32.12.3/tools/bin/../lib/gcc/arm-none-eabi/10.3.1/../../../../arm-none-eabi/lib/thumb/v7-m/nofp\libc_nano.a(lib_a-sprintf.o)
                              Debug/GMG12864_lib.o (sprintf)
c:/dev_tools/stm32_tools/gnu-tools-for-stm32.12.3/tools/bin/../lib/gcc/arm-none-eabi/10.3.1/../../../../arm-none-eabi/lib/thumb/v7-m/nofp\libc_nano.a(lib_a-strlen.o)
                              Debug/GMG12864_lib.o (strlen)
c:/dev_tools/stm32_tools/gnu-tools-for-stm32.12.3/tools/bin/../lib/gcc/arm-none-eabi/10.3.1/../../../../arm-none-eabi/lib/thumb/v7-m/nofp\libc_nano.a(lib_a-nano-svfprintf.o)
                              c:/dev_tools/stm32_tools/gnu-tools-for-stm32.12.3/tools/bin/../lib/gcc/arm-none-eabi/10.3.1/../../../../arm-none-eabi/lib/thumb/v7-m/nofp\libc_nano.a(lib_a-sprintf.o) (_svfprintf_r)
c:/dev_tools/stm32_tools/gnu-tools-for-stm32.12.3/tools/bin/../lib/gcc/arm-none-eabi/10.3.1/../../../../arm-none-eabi/lib/thumb/v7-m/nofp\libc_nano.a(lib_a-nano-vfprintf_i.o)
                              c:/dev_tools/stm32_tools/gnu-tools-for-stm32.12.3/tools/bin/../lib/gcc/arm-none-eabi/10.3.1/../../../../arm-none-eabi/lib/thumb/v7-m/nofp\libc_nano.a(lib_a-nano-svfprintf.o) (_printf_i)
c:/dev_tools/stm32_tools/gnu-tools-for-stm32.12.3/tools/bin/../lib/gcc/arm-none-eabi/10.3.1/../../../../arm-none-eabi/lib/thumb/v7-m/nofp\libc_nano.a(lib_a-memchr-stub.o)
                              c:/dev_tools/stm32_tools/gnu-tools-for-stm32.12.3/tools/bin/../lib/gcc/arm-none-eabi/10.3.1/../../../../arm-none-eabi/lib/thumb/v7-m/nofp\libc_nano.a(lib_a-nano-svfprintf.o) (memchr)
c:/dev_tools/stm32_tools/gnu-tools-for-stm32.12.3/tools/bin/../lib/gcc/arm-none-eabi/10.3.1/../../../../arm-none-eabi/lib/thumb/v7-m/nofp\libc_nano.a(lib_a-memcpy-stub.o)
                              c:/dev_tools/stm32_tools/gnu-tools-for-stm32.12.3/tools/bin/../lib/gcc/arm-none-eabi/10.3.1/../../../../arm-none-eabi/lib/thumb/v7-m/nofp\libc_nano.a(lib_a-nano-svfprintf.o) (memcpy)
c:/dev_tools/stm32_tools/gnu-tools-for-stm32.12.3/tools/bin/../lib/gcc/arm-none-eabi/10.3.1/../../../../arm-none-eabi/lib/thumb/v7-m/nofp\libc_nano.a(lib_a-memmove.o)
                              c:/dev_tools/stm32_tools/gnu-tools-for-stm32.12.3/tools/bin/../lib/gcc/arm-none-eabi/10.3.1/../../../../arm-none-eabi/lib/thumb/v7-m/nofp\libc_nano.a(lib_a-nano-svfprintf.o) (memmove)
c:/dev_tools/stm32_tools/gnu-tools-for-stm32.12.3/tools/bin/../lib/gcc/arm-none-eabi/10.3.1/../../../../arm-none-eabi/lib/thumb/v7-m/nofp\libc_nano.a(lib_a-nano-freer.o)
                              c:/dev_tools/stm32_tools/gnu-tools-for-stm32.12.3/tools/bin/../lib/gcc/arm-none-eabi/10.3.1/../../../../arm-none-eabi/lib/thumb/v7-m/nofp\libc_nano.a(lib_a-nano-svfprintf.o) (_free_r)
c:/dev_tools/stm32_tools/gnu-tools-for-stm32.12.3/tools/bin/../lib/gcc/arm-none-eabi/10.3.1/../../../../arm-none-eabi/lib/thumb/v7-m/nofp\libc_nano.a(lib_a-nano-mallocr.o)
                              c:/dev_tools/stm32_tools/gnu-tools-for-stm32.12.3/tools/bin/../lib/gcc/arm-none-eabi/10.3.1/../../../../arm-none-eabi/lib/thumb/v7-m/nofp\libc_nano.a(lib_a-nano-svfprintf.o) (_malloc_r)
[...]
Memory Configuration

Name             Origin             Length             Attributes
RAM              0x20000000         0x00005000         xrw
FLASH            0x08000000         0x00010000         xr
*default*        0x00000000         0xffffffff

Linker script and memory map

LOAD c:/dev_tools/stm32_tools/gnu-tools-for-stm32.12.3/tools/bin/../lib/gcc/arm-none-eabi/10.3.1/thumb/v7-m/nofp/crti.o
LOAD c:/dev_tools/stm32_tools/gnu-tools-for-stm32.12.3/tools/bin/../lib/gcc/arm-none-eabi/10.3.1/thumb/v7-m/nofp/crtbegin.o
LOAD c:/dev_tools/stm32_tools/gnu-tools-for-stm32.12.3/tools/bin/../lib/gcc/arm-none-eabi/10.3.1/../../../../arm-none-eabi/lib/thumb/v7-m/nofp/crt0.o
LOAD Debug/GMG12864_lib.o
LOAD Debug/gpio.o
LOAD Debug/main.o
LOAD Debug/stm32f103xx_CMSIS.o
LOAD Debug/stm32f103xx_it.o
LOAD Debug/syscalls.o
LOAD Debug/sysmem.o
LOAD Debug/system_stm32f1xx.o
LOAD Debug/startup_stm32f103c8tx.o
START GROUP
LOAD c:/dev_tools/stm32_tools/gnu-tools-for-stm32.12.3/tools/bin/../lib/gcc/arm-none-eabi/10.3.1/../../../../arm-none-eabi/lib/thumb/v7-m/nofp\libc_nano.a
LOAD c:/dev_tools/stm32_tools/gnu-tools-for-stm32.12.3/tools/bin/../lib/gcc/arm-none-eabi/10.3.1/../../../../arm-none-eabi/lib/thumb/v7-m/nofp\libm.a
END GROUP
START GROUP
LOAD c:/dev_tools/stm32_tools/gnu-tools-for-stm32.12.3/tools/bin/../lib/gcc/arm-none-eabi/10.3.1/thumb/v7-m/nofp\libgcc.a
LOAD c:/dev_tools/stm32_tools/gnu-tools-for-stm32.12.3/tools/bin/../lib/gcc/arm-none-eabi/10.3.1/../../../../arm-none-eabi/lib/thumb/v7-m/nofp\libc_nano.a
END GROUP
START GROUP
LOAD c:/dev_tools/stm32_tools/gnu-tools-for-stm32.12.3/tools/bin/../lib/gcc/arm-none-eabi/10.3.1/thumb/v7-m/nofp\libgcc.a
LOAD c:/dev_tools/stm32_tools/gnu-tools-for-stm32.12.3/tools/bin/../lib/gcc/arm-none-eabi/10.3.1/../../../../arm-none-eabi/lib/thumb/v7-m/nofp\libc_nano.a
END GROUP
LOAD c:/dev_tools/stm32_tools/gnu-tools-for-stm32.12.3/tools/bin/../lib/gcc/arm-none-eabi/10.3.1/thumb/v7-m/nofp/crtend.o
LOAD c:/dev_tools/stm32_tools/gnu-tools-for-stm32.12.3/tools/bin/../lib/gcc/arm-none-eabi/10.3.1/thumb/v7-m/nofp/crtn.o
                0x20005000                _estack = (ORIGIN (RAM) + LENGTH (RAM))
                0x00000100                _Min_Heap_Size = 0x100
                0x00000200                _Min_Stack_Size = 0x200

.isr_vector     0x08000000      0x10c
                0x08000000                . = ALIGN (0x4)
 *(.isr_vector)
 .isr_vector    0x08000000      0x10c Debug/startup_stm32f103c8tx.o
                0x08000000                g_pfnVectors
                0x0800010c                . = ALIGN (0x4)

.text           0x0800010c     0x1a84
                0x0800010c                . = ALIGN (0x4)
 *(.text)
 .text          0x0800010c       0x40 c:/dev_tools/stm32_tools/gnu-tools-for-stm32.12.3/tools/bin/../lib/gcc/arm-none-eabi/10.3.1/thumb/v7-m/nofp/crtbegin.o
 .text          0x0800014c       0x10 c:/dev_tools/stm32_tools/gnu-tools-for-stm32.12.3/tools/bin/../lib/gcc/arm-none-eabi/10.3.1/../../../../arm-none-eabi/lib/thumb/v7-m/nofp\libc_nano.a(lib_a-strlen.o)
                0x0800014c                strlen
 *(.text*)
 .text.GMG12864_logo_demonstration
                0x0800015c      0x114 Debug/GMG12864_lib.o
                0x0800015c                GMG12864_logo_demonstration
 .text.GMG12864_Send_command
                0x08000270       0x34 Debug/GMG12864_lib.o
 .text.GMG12864_Send_data
                0x080002a4       0x24 Debug/GMG12864_lib.o
 .text.GMG12864_Clean_Frame_buffer
                0x080002c8       0x18 Debug/GMG12864_lib.o
                0x080002c8                GMG12864_Clean_Frame_buffer
 .text.GMG12864_Init
                0x080002e0       0xa0 Debug/GMG12864_lib.o
                0x080002e0                GMG12864_Init
 .text.GMG12864_Draw_pixel
                0x08000380       0xe0 Debug/GMG12864_lib.o
                0x08000380                GMG12864_Draw_pixel
 .text.GMG12864_Update
                0x08000460       0x80 Debug/GMG12864_lib.o
                0x08000460                GMG12864_Update
 .text.GMG12864_Print_symbol_5x7
                0x080004e0      0x154 Debug/GMG12864_lib.o
                0x080004e0                GMG12864_Print_symbol_5x7
 .text.GMG12864_Print_symbol_3x5
                0x08000634      0x154 Debug/GMG12864_lib.o
                0x08000634                GMG12864_Print_symbol_3x5
 .text.GMG12864_Decode_UTF8
                0x08000788      0x344 Debug/GMG12864_lib.o
                0x08000788                GMG12864_Decode_UTF8
 .text.gpio_init
                0x08000acc       0x50 Debug/gpio.o
                0x08000acc                gpio_init
 .text.main     0x08000b1c       0x22 Debug/main.o
                0x08000b1c                main
 *fill*         0x08000b3e        0x2 
 .text.CMSIS_Debug_init
                0x08000b40       0x5c Debug/stm32f103xx_CMSIS.o
                0x08000b40                CMSIS_Debug_init
 .text.CMSIS_RCC_SystemClock_72MHz
                0x08000b9c      0x12c Debug/stm32f103xx_CMSIS.o
                0x08000b9c                CMSIS_RCC_SystemClock_72MHz
 .text.CMSIS_SysTick_Timer_init
                0x08000cc8       0x64 Debug/stm32f103xx_CMSIS.o
                0x08000cc8                CMSIS_SysTick_Timer_init
 .text.Delay_ms
                0x08000d2c       0x28 Debug/stm32f103xx_CMSIS.o
                0x08000d2c                Delay_ms
 .text.EXTI0_IRQHandler
                0x08000d54       0x1c Debug/stm32f103xx_CMSIS.o
                0x08000d54                EXTI0_IRQHandler
 .text.TIM3_IRQHandler
                0x08000d70       0x28 Debug/stm32f103xx_CMSIS.o
                0x08000d70                TIM3_IRQHandler
 .text.TIM1_UP_IRQHandler
                0x08000d98       0x28 Debug/stm32f103xx_CMSIS.o
                0x08000d98                TIM1_UP_IRQHandler
 .text.ADC1_2_IRQHandler
                0x08000dc0       0x20 Debug/stm32f103xx_CMSIS.o
                0x08000dc0                ADC1_2_IRQHandler
 .text.DMA1_Channel1_IRQHandler
                0x08000de0       0x44 Debug/stm32f103xx_CMSIS.o
                0x08000de0                DMA1_Channel1_IRQHandler
 .text.USART1_IRQHandler
                0x08000e24       0x5c Debug/stm32f103xx_CMSIS.o
                0x08000e24                USART1_IRQHandler
 .text.USART2_IRQHandler
                0x08000e80       0x5c Debug/stm32f103xx_CMSIS.o
                0x08000e80                USART2_IRQHandler
 .text.CMSIS_SPI1_init
                0x08000edc      0x17c Debug/stm32f103xx_CMSIS.o
                0x08000edc                CMSIS_SPI1_init
 .text.CMSIS_SPI_Data_Transmit_8BIT
                0x08001058       0xbc Debug/stm32f103xx_CMSIS.o
                0x08001058                CMSIS_SPI_Data_Transmit_8BIT
 .text.SysTick_Handler
                0x08001114       0x48 Debug/stm32f103xx_it.o
                0x08001114                SysTick_Handler
 .text._sbrk    0x0800115c       0x6c Debug/sysmem.o
                0x0800115c                _sbrk
 .text.SystemInit
                0x080011c8        0xc Debug/system_stm32f1xx.o
                0x080011c8                SystemInit
 .text.Reset_Handler
                0x080011d4       0x48 Debug/startup_stm32f103c8tx.o
                0x080011d4                Reset_Handler
 .text.Default_Handler
                0x0800121c        0x2 Debug/startup_stm32f103c8tx.o
                0x0800121c                RTC_Alarm_IRQHandler
                0x0800121c                EXTI2_IRQHandler
                0x0800121c                DebugMon_Handler
                0x0800121c                TIM1_CC_IRQHandler
                0x0800121c                HardFault_Handler
                0x0800121c                PVD_IRQHandler
                0x0800121c                PendSV_Handler
                0x0800121c                NMI_Handler
                0x0800121c                EXTI3_IRQHandler
                0x0800121c                I2C2_EV_IRQHandler
                0x0800121c                UsageFault_Handler
                0x0800121c                SPI1_IRQHandler
                0x0800121c                TAMPER_IRQHandler
                0x0800121c                DMA1_Channel4_IRQHandler
                0x0800121c                USART3_IRQHandler
                0x0800121c                RTC_IRQHandler
                0x0800121c                DMA1_Channel7_IRQHandler
                0x0800121c                CAN1_RX1_IRQHandler
                0x0800121c                TIM4_IRQHandler
                0x0800121c                I2C1_EV_IRQHandler
                0x0800121c                DMA1_Channel6_IRQHandler
                0x0800121c                RCC_IRQHandler
                0x0800121c                TIM1_TRG_COM_IRQHandler
                0x0800121c                Default_Handler
                0x0800121c                EXTI15_10_IRQHandler
                0x0800121c                EXTI9_5_IRQHandler
                0x0800121c                SPI2_IRQHandler
                0x0800121c                MemManage_Handler
                0x0800121c                SVC_Handler
                0x0800121c                DMA1_Channel5_IRQHandler
                0x0800121c                EXTI4_IRQHandler
                0x0800121c                USB_LP_CAN1_RX0_IRQHandler
                0x0800121c                USB_HP_CAN1_TX_IRQHandler
                0x0800121c                DMA1_Channel3_IRQHandler
                0x0800121c                WWDG_IRQHandler
                0x0800121c                TIM2_IRQHandler
                0x0800121c                TIM1_BRK_IRQHandler
                0x0800121c                EXTI1_IRQHandler
                0x0800121c                I2C2_ER_IRQHandler
                0x0800121c                DMA1_Channel2_IRQHandler
                0x0800121c                CAN1_SCE_IRQHandler
                0x0800121c                FLASH_IRQHandler
                0x0800121c                BusFault_Handler
                0x0800121c                I2C1_ER_IRQHandler
                0x0800121c                USBWakeUp_IRQHandler
 *fill*         0x0800121e        0x2 
 .text.__errno  0x08001220        0xc c:/dev_tools/stm32_tools/gnu-tools-for-stm32.12.3/tools/bin/../lib/gcc/arm-none-eabi/10.3.1/../../../../arm-none-eabi/lib/thumb/v7-m/nofp\libc_nano.a(lib_a-errno.o)
                0x08001220                __errno
 .text.__libc_init_array
                0x0800122c       0x48 c:/dev_tools/stm32_tools/gnu-tools-for-stm32.12.3/tools/bin/../lib/gcc/arm-none-eabi/10.3.1/../../../../arm-none-eabi/lib/thumb/v7-m/nofp\libc_nano.a(lib_a-init.o)
                0x0800122c                __libc_init_array
 .text.memset   0x08001274       0x10 c:/dev_tools/stm32_tools/gnu-tools-for-stm32.12.3/tools/bin/../lib/gcc/arm-none-eabi/10.3.1/../../../../arm-none-eabi/lib/thumb/v7-m/nofp\libc_nano.a(lib_a-memset.o)
                0x08001274                memset
 .text.sprintf  0x08001284       0x40 c:/dev_tools/stm32_tools/gnu-tools-for-stm32.12.3/tools/bin/../lib/gcc/arm-none-eabi/10.3.1/../../../../arm-none-eabi/lib/thumb/v7-m/nofp\libc_nano.a(lib_a-sprintf.o)
                0x08001284                siprintf
                0x08001284                sprintf
 .text.__ssputs_r
                0x080012c4       0xb6 c:/dev_tools/stm32_tools/gnu-tools-for-stm32.12.3/tools/bin/../lib/gcc/arm-none-eabi/10.3.1/../../../../arm-none-eabi/lib/thumb/v7-m/nofp\libc_nano.a(lib_a-nano-svfprintf.o)
                0x080012c4                __ssputs_r
 *fill*         0x0800137a        0x2 
 .text._svfprintf_r
                0x0800137c      0x200 c:/dev_tools/stm32_tools/gnu-tools-for-stm32.12.3/tools/bin/../lib/gcc/arm-none-eabi/10.3.1/../../../../arm-none-eabi/lib/thumb/v7-m/nofp\libc_nano.a(lib_a-nano-svfprintf.o)
                0x0800137c                _svfiprintf_r
                0x0800137c                _svfprintf_r
 .text._printf_common
                0x0800157c       0xde c:/dev_tools/stm32_tools/gnu-tools-for-stm32.12.3/tools/bin/../lib/gcc/arm-none-eabi/10.3.1/../../../../arm-none-eabi/lib/thumb/v7-m/nofp\libc_nano.a(lib_a-nano-vfprintf_i.o)
                0x0800157c                _printf_common
 *fill*         0x0800165a        0x2 
 .text._printf_i
                0x0800165c      0x24c c:/dev_tools/stm32_tools/gnu-tools-for-stm32.12.3/tools/bin/../lib/gcc/arm-none-eabi/10.3.1/../../../../arm-none-eabi/lib/thumb/v7-m/nofp\libc_nano.a(lib_a-nano-vfprintf_i.o)
                0x0800165c                _printf_i
 .text.memchr   0x080018a8       0x1c c:/dev_tools/stm32_tools/gnu-tools-for-stm32.12.3/tools/bin/../lib/gcc/arm-none-eabi/10.3.1/../../../../arm-none-eabi/lib/thumb/v7-m/nofp\libc_nano.a(lib_a-memchr-stub.o)
                0x080018a8                memchr
 .text.memcpy   0x080018c4       0x1c c:/dev_tools/stm32_tools/gnu-tools-for-stm32.12.3/tools/bin/../lib/gcc/arm-none-eabi/10.3.1/../../../../arm-none-eabi/lib/thumb/v7-m/nofp\libc_nano.a(lib_a-memcpy-stub.o)
                0x080018c4                memcpy
 .text.memmove  0x080018e0       0x34 c:/dev_tools/stm32_tools/gnu-tools-for-stm32.12.3/tools/bin/../lib/gcc/arm-none-eabi/10.3.1/../../../../arm-none-eabi/lib/thumb/v7-m/nofp\libc_nano.a(lib_a-memmove.o)
                0x080018e0                memmove
 .text._free_r  0x08001914       0x90 c:/dev_tools/stm32_tools/gnu-tools-for-stm32.12.3/tools/bin/../lib/gcc/arm-none-eabi/10.3.1/../../../../arm-none-eabi/lib/thumb/v7-m/nofp\libc_nano.a(lib_a-nano-freer.o)
                0x08001914                _free_r
 .text.sbrk_aligned
                0x080019a4       0x40 c:/dev_tools/stm32_tools/gnu-tools-for-stm32.12.3/tools/bin/../lib/gcc/arm-none-eabi/10.3.1/../../../../arm-none-eabi/lib/thumb/v7-m/nofp\libc_nano.a(lib_a-nano-mallocr.o)
 .text._malloc_r
                0x080019e4       0xe8 c:/dev_tools/stm32_tools/gnu-tools-for-stm32.12.3/tools/bin/../lib/gcc/arm-none-eabi/10.3.1/../../../../arm-none-eabi/lib/thumb/v7-m/nofp\libc_nano.a(lib_a-nano-mallocr.o)
                0x080019e4                _malloc_r
 .text._realloc_r
                0x08001acc       0x5e c:/dev_tools/stm32_tools/gnu-tools-for-stm32.12.3/tools/bin/../lib/gcc/arm-none-eabi/10.3.1/../../../../arm-none-eabi/lib/thumb/v7-m/nofp\libc_nano.a(lib_a-nano-reallocr.o)
                0x08001acc                _realloc_r
 *fill*         0x08001b2a        0x2 
 .text._sbrk_r  0x08001b2c       0x20 c:/dev_tools/stm32_tools/gnu-tools-for-stm32.12.3/tools/bin/../lib/gcc/arm-none-eabi/10.3.1/../../../../arm-none-eabi/lib/thumb/v7-m/nofp\libc_nano.a(lib_a-sbrkr.o)
                0x08001b2c                _sbrk_r
 .text.__malloc_lock
                0x08001b4c        0xc c:/dev_tools/stm32_tools/gnu-tools-for-stm32.12.3/tools/bin/../lib/gcc/arm-none-eabi/10.3.1/../../../../arm-none-eabi/lib/thumb/v7-m/nofp\libc_nano.a(lib_a-mlock.o)
                0x08001b4c                __malloc_lock
 .text.__malloc_unlock
                0x08001b58        0xc c:/dev_tools/stm32_tools/gnu-tools-for-stm32.12.3/tools/bin/../lib/gcc/arm-none-eabi/10.3.1/../../../../arm-none-eabi/lib/thumb/v7-m/nofp\libc_nano.a(lib_a-mlock.o)
                0x08001b58                __malloc_unlock
 .text._malloc_usable_size_r
                0x08001b64       0x10 c:/dev_tools/stm32_tools/gnu-tools-for-stm32.12.3/tools/bin/../lib/gcc/arm-none-eabi/10.3.1/../../../../arm-none-eabi/lib/thumb/v7-m/nofp\libc_nano.a(lib_a-nano-msizer.o)
                0x08001b64                _malloc_usable_size_r
 .text.__retarget_lock_acquire_recursive
                0x08001b74        0x2 c:/dev_tools/stm32_tools/gnu-tools-for-stm32.12.3/tools/bin/../lib/gcc/arm-none-eabi/10.3.1/../../../../arm-none-eabi/lib/thumb/v7-m/nofp\libc_nano.a(lib_a-lock.o)
                0x08001b74                __retarget_lock_acquire_recursive
 .text.__retarget_lock_release_recursive
                0x08001b76        0x2 c:/dev_tools/stm32_tools/gnu-tools-for-stm32.12.3/tools/bin/../lib/gcc/arm-none-eabi/10.3.1/../../../../arm-none-eabi/lib/thumb/v7-m/nofp\libc_nano.a(lib_a-lock.o)
                0x08001b76                __retarget_lock_release_recursive
 *(.glue_7)
 .glue_7        0x08001b78        0x0 linker stubs
 *(.glue_7t)
 .glue_7t       0x08001b78        0x0 linker stubs
 *(.eh_frame)
 .eh_frame      0x08001b78        0x0 c:/dev_tools/stm32_tools/gnu-tools-for-stm32.12.3/tools/bin/../lib/gcc/arm-none-eabi/10.3.1/thumb/v7-m/nofp/crtbegin.o
 *(.init)
 .init          0x08001b78        0x4 c:/dev_tools/stm32_tools/gnu-tools-for-stm32.12.3/tools/bin/../lib/gcc/arm-none-eabi/10.3.1/thumb/v7-m/nofp/crti.o
                0x08001b78                _init
 .init          0x08001b7c        0x8 c:/dev_tools/stm32_tools/gnu-tools-for-stm32.12.3/tools/bin/../lib/gcc/arm-none-eabi/10.3.1/thumb/v7-m/nofp/crtn.o
 *(.fini)
 .fini          0x08001b84        0x4 c:/dev_tools/stm32_tools/gnu-tools-for-stm32.12.3/tools/bin/../lib/gcc/arm-none-eabi/10.3.1/thumb/v7-m/nofp/crti.o
                0x08001b84                _fini
 .fini          0x08001b88        0x8 c:/dev_tools/stm32_tools/gnu-tools-for-stm32.12.3/tools/bin/../lib/gcc/arm-none-eabi/10.3.1/thumb/v7-m/nofp/crtn.o
                0x08001b90                . = ALIGN (0x4)
                0x08001b90                _etext = .

.vfp11_veneer   0x08001b90        0x0
 .vfp11_veneer  0x08001b90        0x0 linker stubs

.v4_bx          0x08001b90        0x0
 .v4_bx         0x08001b90        0x0 linker stubs

.iplt           0x08001b90        0x0
 .iplt          0x08001b90        0x0 c:/dev_tools/stm32_tools/gnu-tools-for-stm32.12.3/tools/bin/../lib/gcc/arm-none-eabi/10.3.1/thumb/v7-m/nofp/crtbegin.o

.rodata         0x08001b90      0x738
                0x08001b90                . = ALIGN (0x4)
 *(.rodata)
 .rodata        0x08001b90       0x7d Debug/GMG12864_lib.o
 *(.rodata*)
 *fill*         0x08001c0d        0x3 
 .rodata.Font_3x5
                0x08001c10      0x1e6 Debug/GMG12864_lib.o
                0x08001c10                Font_3x5
 *fill*         0x08001df6        0x2 
 .rodata.Font_5x7
                0x08001df8      0x32a Debug/GMG12864_lib.o
                0x08001df8                Font_5x7
 *fill*         0x08002122        0x2 
 .rodata.solderingiron
                0x08002124      0x171 Debug/GMG12864_lib.o
                0x08002124                solderingiron
 .rodata._svfprintf_r.str1.1
                0x08002295       0x11 c:/dev_tools/stm32_tools/gnu-tools-for-stm32.12.3/tools/bin/../lib/gcc/arm-none-eabi/10.3.1/../../../../arm-none-eabi/lib/thumb/v7-m/nofp\libc_nano.a(lib_a-nano-svfprintf.o)
 .rodata._printf_i.str1.1
                0x080022a6       0x22 c:/dev_tools/stm32_tools/gnu-tools-for-stm32.12.3/tools/bin/../lib/gcc/arm-none-eabi/10.3.1/../../../../arm-none-eabi/lib/thumb/v7-m/nofp\libc_nano.a(lib_a-nano-vfprintf_i.o)
                0x080022c8                . = ALIGN (0x4)

.rel.dyn        0x080022c8        0x0
 .rel.iplt      0x080022c8        0x0 c:/dev_tools/stm32_tools/gnu-tools-for-stm32.12.3/tools/bin/../lib/gcc/arm-none-eabi/10.3.1/thumb/v7-m/nofp/crtbegin.o

.ARM.extab      0x080022c8        0x0
                0x080022c8                . = ALIGN (0x4)
 *(.ARM.extab* .gnu.linkonce.armextab.*)
                0x080022c8                . = ALIGN (0x4)

.ARM            0x080022c8        0x0
                0x080022c8                . = ALIGN (0x4)
                0x080022c8                __exidx_start = .
 *(.ARM.exidx*)
                0x080022c8                __exidx_end = .
                0x080022c8                . = ALIGN (0x4)

.preinit_array  0x080022c8        0x0
                0x080022c8                . = ALIGN (0x4)
                0x080022c8                PROVIDE (__preinit_array_start = .)
 *(.preinit_array*)
                0x080022c8                PROVIDE (__preinit_array_end = .)
                0x080022c8                . = ALIGN (0x4)

.init_array     0x080022c8        0x4
                0x080022c8                . = ALIGN (0x4)
                0x080022c8                PROVIDE (__init_array_start = .)
 *(SORT_BY_NAME(.init_array.*))
 *(.init_array*)
 .init_array    0x080022c8        0x4 c:/dev_tools/stm32_tools/gnu-tools-for-stm32.12.3/tools/bin/../lib/gcc/arm-none-eabi/10.3.1/thumb/v7-m/nofp/crtbegin.o
                0x080022cc                PROVIDE (__init_array_end = .)
                0x080022cc                . = ALIGN (0x4)

.fini_array     0x080022cc        0x4
                0x080022cc                . = ALIGN (0x4)
                [!provide]                PROVIDE (__fini_array_start = .)
 *(SORT_BY_NAME(.fini_array.*))
 *(.fini_array*)
 .fini_array    0x080022cc        0x4 c:/dev_tools/stm32_tools/gnu-tools-for-stm32.12.3/tools/bin/../lib/gcc/arm-none-eabi/10.3.1/thumb/v7-m/nofp/crtbegin.o
                [!provide]                PROVIDE (__fini_array_end = .)
                0x080022d0                . = ALIGN (0x4)
                0x080022d0                _sidata = LOADADDR (.data)

.data           0x20000000       0x68 load address 0x080022d0
                0x20000000                . = ALIGN (0x4)
                0x20000000                _sdata = .
 *(.data)
 *(.data*)
 .data.GMG12864_width
                0x20000000        0x1 Debug/GMG12864_lib.o
                0x20000000                GMG12864_width
 .data.GMG12864_height
                0x20000001        0x1 Debug/GMG12864_lib.o
                0x20000001                GMG12864_height
 *fill*         0x20000002        0x2 
 .data._impure_ptr
                0x20000004        0x4 c:/dev_tools/stm32_tools/gnu-tools-for-stm32.12.3/tools/bin/../lib/gcc/arm-none-eabi/10.3.1/../../../../arm-none-eabi/lib/thumb/v7-m/nofp\libc_nano.a(lib_a-impure.o)
                0x20000004                _impure_ptr
 .data.impure_data
                0x20000008       0x60 c:/dev_tools/stm32_tools/gnu-tools-for-stm32.12.3/tools/bin/../lib/gcc/arm-none-eabi/10.3.1/../../../../arm-none-eabi/lib/thumb/v7-m/nofp\libc_nano.a(lib_a-impure.o)
 *(.RamFunc)
 *(.RamFunc*)
                0x20000068                . = ALIGN (0x4)
                0x20000068                _edata = .

.igot.plt       0x20000068        0x0 load address 0x08002338
 .igot.plt      0x20000068        0x0 c:/dev_tools/stm32_tools/gnu-tools-for-stm32.12.3/tools/bin/../lib/gcc/arm-none-eabi/10.3.1/thumb/v7-m/nofp/crtbegin.o
                0x20000068                . = ALIGN (0x4)

.bss            0x20000068      0x514 load address 0x08002338
                0x20000068                _sbss = .
                0x20000068                __bss_start__ = _sbss
 *(.bss)
 .bss           0x20000068       0x1c c:/dev_tools/stm32_tools/gnu-tools-for-stm32.12.3/tools/bin/../lib/gcc/arm-none-eabi/10.3.1/thumb/v7-m/nofp/crtbegin.o
 *(.bss*)
 .bss.tx_buffer
                0x20000084       0x80 Debug/GMG12864_lib.o
                0x20000084                tx_buffer
 .bss.Frame_buffer
                0x20000104      0x400 Debug/GMG12864_lib.o
                0x20000104                Frame_buffer
 .bss.SysTimer_ms
                0x20000504        0x4 Debug/stm32f103xx_CMSIS.o
                0x20000504                SysTimer_ms
 .bss.Delay_counter_ms
                0x20000508        0x4 Debug/stm32f103xx_CMSIS.o
                0x20000508                Delay_counter_ms
 .bss.Timeout_counter_ms
                0x2000050c        0x4 Debug/stm32f103xx_CMSIS.o
                0x2000050c                Timeout_counter_ms
 .bss.husart1   0x20000510       0x2c Debug/stm32f103xx_CMSIS.o
                0x20000510                husart1
 .bss.husart2   0x2000053c       0x2c Debug/stm32f103xx_CMSIS.o
                0x2000053c                husart2
 .bss.__sbrk_heap_end
                0x20000568        0x4 Debug/sysmem.o
 .bss.__malloc_free_list
                0x2000056c        0x4 c:/dev_tools/stm32_tools/gnu-tools-for-stm32.12.3/tools/bin/../lib/gcc/arm-none-eabi/10.3.1/../../../../arm-none-eabi/lib/thumb/v7-m/nofp\libc_nano.a(lib_a-nano-mallocr.o)
                0x2000056c                __malloc_free_list
 .bss.__malloc_sbrk_start
                0x20000570        0x4 c:/dev_tools/stm32_tools/gnu-tools-for-stm32.12.3/tools/bin/../lib/gcc/arm-none-eabi/10.3.1/../../../../arm-none-eabi/lib/thumb/v7-m/nofp\libc_nano.a(lib_a-nano-mallocr.o)
                0x20000570                __malloc_sbrk_start
 .bss.errno     0x20000574        0x4 c:/dev_tools/stm32_tools/gnu-tools-for-stm32.12.3/tools/bin/../lib/gcc/arm-none-eabi/10.3.1/../../../../arm-none-eabi/lib/thumb/v7-m/nofp\libc_nano.a(lib_a-reent.o)
                0x20000574                errno
 .bss.__lock___malloc_recursive_mutex
                0x20000578        0x1 c:/dev_tools/stm32_tools/gnu-tools-for-stm32.12.3/tools/bin/../lib/gcc/arm-none-eabi/10.3.1/../../../../arm-none-eabi/lib/thumb/v7-m/nofp\libc_nano.a(lib_a-lock.o)
                0x20000578                __lock___malloc_recursive_mutex
 *(COMMON)
                0x2000057c                . = ALIGN (0x4)
 *fill*         0x20000579        0x3 
                0x2000057c                _ebss = .
                0x2000057c                __bss_end__ = _ebss

._user_heap_stack
                0x2000057c      0x304 load address 0x08002338
                0x20000580                . = ALIGN (0x8)
 *fill*         0x2000057c        0x4 
                [!provide]                PROVIDE (end = .)
                0x20000580                PROVIDE (_end = .)
                0x20000680                . = (. + _Min_Heap_Size)
 *fill*         0x20000580      0x100 
                0x20000880                . = (. + _Min_Stack_Size)
 *fill*         0x20000680      0x200 
                0x20000880                . = ALIGN (0x8)

/DISCARD/
 libc.a(*)
 libm.a(*)
 libgcc.a(*)

.ARM.attributes
                0x00000000       0x29
 *(.ARM.attributes)
 .ARM.attributes
                0x00000000       0x1d c:/dev_tools/stm32_tools/gnu-tools-for-stm32.12.3/tools/bin/../lib/gcc/arm-none-eabi/10.3.1/thumb/v7-m/nofp/crti.o
 .ARM.attributes
                0x0000001d       0x2d c:/dev_tools/stm32_tools/gnu-tools-for-stm32.12.3/tools/bin/../lib/gcc/arm-none-eabi/10.3.1/thumb/v7-m/nofp/crtbegin.o
 .ARM.attributes
                0x0000004a       0x2d Debug/GMG12864_lib.o
 .ARM.attributes
                0x00000077       0x2d Debug/gpio.o
 .ARM.attributes
                0x000000a4       0x2d Debug/main.o
 .ARM.attributes
                0x000000d1       0x2d Debug/stm32f103xx_CMSIS.o
 .ARM.attributes
                0x000000fe       0x2d Debug/stm32f103xx_it.o
 .ARM.attributes
                0x0000012b       0x2d Debug/sysmem.o
 .ARM.attributes
                0x00000158       0x2d Debug/system_stm32f1xx.o
 .ARM.attributes
                0x00000185       0x21 Debug/startup_stm32f103c8tx.o
 .ARM.attributes
                0x000001a6       0x2d c:/dev_tools/stm32_tools/gnu-tools-for-stm32.12.3/tools/bin/../lib/gcc/arm-none-eabi/10.3.1/../../../../arm-none-eabi/lib/thumb/v7-m/nofp\libc_nano.a(lib_a-errno.o)
 .ARM.attributes
                0x000001d3       0x2d c:/dev_tools/stm32_tools/gnu-tools-for-stm32.12.3/tools/bin/../lib/gcc/arm-none-eabi/10.3.1/../../../../arm-none-eabi/lib/thumb/v7-m/nofp\libc_nano.a(lib_a-impure.o)
 .ARM.attributes
                0x00000200       0x2d c:/dev_tools/stm32_tools/gnu-tools-for-stm32.12.3/tools/bin/../lib/gcc/arm-none-eabi/10.3.1/../../../../arm-none-eabi/lib/thumb/v7-m/nofp\libc_nano.a(lib_a-init.o)
 .ARM.attributes
                0x0000022d       0x2d c:/dev_tools/stm32_tools/gnu-tools-for-stm32.12.3/tools/bin/../lib/gcc/arm-none-eabi/10.3.1/../../../../arm-none-eabi/lib/thumb/v7-m/nofp\libc_nano.a(lib_a-memset.o)
 .ARM.attributes
                0x0000025a       0x2d c:/dev_tools/stm32_tools/gnu-tools-for-stm32.12.3/tools/bin/../lib/gcc/arm-none-eabi/10.3.1/../../../../arm-none-eabi/lib/thumb/v7-m/nofp\libc_nano.a(lib_a-sprintf.o)
 .ARM.attributes
                0x00000287       0x17 c:/dev_tools/stm32_tools/gnu-tools-for-stm32.12.3/tools/bin/../lib/gcc/arm-none-eabi/10.3.1/../../../../arm-none-eabi/lib/thumb/v7-m/nofp\libc_nano.a(lib_a-strlen.o)
 .ARM.attributes
                0x0000029e       0x2d c:/dev_tools/stm32_tools/gnu-tools-for-stm32.12.3/tools/bin/../lib/gcc/arm-none-eabi/10.3.1/../../../../arm-none-eabi/lib/thumb/v7-m/nofp\libc_nano.a(lib_a-nano-svfprintf.o)
 .ARM.attributes
                0x000002cb       0x2d c:/dev_tools/stm32_tools/gnu-tools-for-stm32.12.3/tools/bin/../lib/gcc/arm-none-eabi/10.3.1/../../../../arm-none-eabi/lib/thumb/v7-m/nofp\libc_nano.a(lib_a-nano-vfprintf_i.o)
 .ARM.attributes
                0x000002f8       0x2d c:/dev_tools/stm32_tools/gnu-tools-for-stm32.12.3/tools/bin/../lib/gcc/arm-none-eabi/10.3.1/../../../../arm-none-eabi/lib/thumb/v7-m/nofp\libc_nano.a(lib_a-memchr-stub.o)
 .ARM.attributes
                0x00000325       0x2d c:/dev_tools/stm32_tools/gnu-tools-for-stm32.12.3/tools/bin/../lib/gcc/arm-none-eabi/10.3.1/../../../../arm-none-eabi/lib/thumb/v7-m/nofp\libc_nano.a(lib_a-memcpy-stub.o)
 .ARM.attributes
                0x00000352       0x2d c:/dev_tools/stm32_tools/gnu-tools-for-stm32.12.3/tools/bin/../lib/gcc/arm-none-eabi/10.3.1/../../../../arm-none-eabi/lib/thumb/v7-m/nofp\libc_nano.a(lib_a-memmove.o)
 .ARM.attributes
                0x0000037f       0x2d c:/dev_tools/stm32_tools/gnu-tools-for-stm32.12.3/tools/bin/../lib/gcc/arm-none-eabi/10.3.1/../../../../arm-none-eabi/lib/thumb/v7-m/nofp\libc_nano.a(lib_a-nano-freer.o)
 .ARM.attributes
                0x000003ac       0x2d c:/dev_tools/stm32_tools/gnu-tools-for-stm32.12.3/tools/bin/../lib/gcc/arm-none-eabi/10.3.1/../../../../arm-none-eabi/lib/thumb/v7-m/nofp\libc_nano.a(lib_a-nano-mallocr.o)
 .ARM.attributes
                0x000003d9       0x2d c:/dev_tools/stm32_tools/gnu-tools-for-stm32.12.3/tools/bin/../lib/gcc/arm-none-eabi/10.3.1/../../../../arm-none-eabi/lib/thumb/v7-m/nofp\libc_nano.a(lib_a-nano-reallocr.o)
 .ARM.attributes
                0x00000406       0x2d c:/dev_tools/stm32_tools/gnu-tools-for-stm32.12.3/tools/bin/../lib/gcc/arm-none-eabi/10.3.1/../../../../arm-none-eabi/lib/thumb/v7-m/nofp\libc_nano.a(lib_a-sbrkr.o)
 .ARM.attributes
                0x00000433       0x2d c:/dev_tools/stm32_tools/gnu-tools-for-stm32.12.3/tools/bin/../lib/gcc/arm-none-eabi/10.3.1/../../../../arm-none-eabi/lib/thumb/v7-m/nofp\libc_nano.a(lib_a-mlock.o)
 .ARM.attributes
                0x00000460       0x2d c:/dev_tools/stm32_tools/gnu-tools-for-stm32.12.3/tools/bin/../lib/gcc/arm-none-eabi/10.3.1/../../../../arm-none-eabi/lib/thumb/v7-m/nofp\libc_nano.a(lib_a-nano-msizer.o)
 .ARM.attributes
                0x0000048d       0x2d c:/dev_tools/stm32_tools/gnu-tools-for-stm32.12.3/tools/bin/../lib/gcc/arm-none-eabi/10.3.1/../../../../arm-none-eabi/lib/thumb/v7-m/nofp\libc_nano.a(lib_a-reent.o)
 .ARM.attributes
                0x000004ba       0x2d c:/dev_tools/stm32_tools/gnu-tools-for-stm32.12.3/tools/bin/../lib/gcc/arm-none-eabi/10.3.1/../../../../arm-none-eabi/lib/thumb/v7-m/nofp\libc_nano.a(lib_a-lock.o)
 .ARM.attributes
                0x000004e7       0x1d c:/dev_tools/stm32_tools/gnu-tools-for-stm32.12.3/tools/bin/../lib/gcc/arm-none-eabi/10.3.1/thumb/v7-m/nofp/crtn.o
OUTPUT(Debug/GMG12864.elf elf32-littlearm)
LOAD linker stubs
LOAD c:/dev_tools/stm32_tools/gnu-tools-for-stm32.12.3/tools/bin/../lib/gcc/arm-none-eabi/10.3.1/../../../../arm-none-eabi/lib/thumb/v7-m/nofp\libc.a
LOAD c:/dev_tools/stm32_tools/gnu-tools-for-stm32.12.3/tools/bin/../lib/gcc/arm-none-eabi/10.3.1/../../../../arm-none-eabi/lib/thumb/v7-m/nofp\libm.a
LOAD c:/dev_tools/stm32_tools/gnu-tools-for-stm32.12.3/tools/bin/../lib/gcc/arm-none-eabi/10.3.1/thumb/v7-m/nofp\libgcc.a

.debug_info     0x00000000     0x2d7b
 .debug_info    0x00000000      0xf70 Debug/GMG12864_lib.o
 .debug_info    0x00000f70      0x1bc Debug/gpio.o
 .debug_info    0x0000112c       0x94 Debug/main.o
 .debug_info    0x000011c0     0x1741 Debug/stm32f103xx_CMSIS.o
 .debug_info    0x00002901       0xc3 Debug/stm32f103xx_it.o
 .debug_info    0x000029c4      0x15f Debug/sysmem.o
 .debug_info    0x00002b23      0x236 Debug/system_stm32f1xx.o
 .debug_info    0x00002d59       0x22 Debug/startup_stm32f103c8tx.o

.debug_abbrev   0x00000000      0x7f2
 .debug_abbrev  0x00000000      0x1ea Debug/GMG12864_lib.o
 .debug_abbrev  0x000001ea       0x9d Debug/gpio.o
 .debug_abbrev  0x00000287       0x49 Debug/main.o
 .debug_abbrev  0x000002d0      0x2bf Debug/stm32f103xx_CMSIS.o
 .debug_abbrev  0x0000058f       0x70 Debug/stm32f103xx_it.o
 .debug_abbrev  0x000005ff       0xa6 Debug/sysmem.o
 .debug_abbrev  0x000006a5      0x13b Debug/system_stm32f1xx.o
 .debug_abbrev  0x000007e0       0x12 Debug/startup_stm32f103c8tx.o

.debug_aranges  0x00000000      0x350
 .debug_aranges
                0x00000000       0xc8 Debug/GMG12864_lib.o
 .debug_aranges
                0x000000c8       0x20 Debug/gpio.o
 .debug_aranges
                0x000000e8       0x20 Debug/main.o
 .debug_aranges
                0x00000108      0x1b8 Debug/stm32f103xx_CMSIS.o
 .debug_aranges
                0x000002c0       0x20 Debug/stm32f103xx_it.o
 .debug_aranges
                0x000002e0       0x20 Debug/sysmem.o
 .debug_aranges
                0x00000300       0x28 Debug/system_stm32f1xx.o
 .debug_aranges
                0x00000328       0x28 Debug/startup_stm32f103c8tx.o

.debug_ranges   0x00000000      0x2f0
 .debug_ranges  0x00000000       0xd0 Debug/GMG12864_lib.o
 .debug_ranges  0x000000d0       0x10 Debug/gpio.o
 .debug_ranges  0x000000e0       0x10 Debug/main.o
 .debug_ranges  0x000000f0      0x1a8 Debug/stm32f103xx_CMSIS.o
 .debug_ranges  0x00000298       0x10 Debug/stm32f103xx_it.o
 .debug_ranges  0x000002a8       0x10 Debug/sysmem.o
 .debug_ranges  0x000002b8       0x18 Debug/system_stm32f1xx.o
 .debug_ranges  0x000002d0       0x20 Debug/startup_stm32f103c8tx.o

.debug_macro    0x00000000    0x116ae
 .debug_macro   0x00000000      0x281 Debug/GMG12864_lib.o
 .debug_macro   0x00000281      0xa66 Debug/GMG12864_lib.o
 .debug_macro   0x00000ce7       0x10 Debug/GMG12864_lib.o
 .debug_macro   0x00000cf7       0x2e Debug/GMG12864_lib.o
 .debug_macro   0x00000d25       0x22 Debug/GMG12864_lib.o
 .debug_macro   0x00000d47       0x22 Debug/GMG12864_lib.o
 .debug_macro   0x00000d69       0x8e Debug/GMG12864_lib.o
 .debug_macro   0x00000df7       0x51 Debug/GMG12864_lib.o
 .debug_macro   0x00000e48      0x103 Debug/GMG12864_lib.o
 .debug_macro   0x00000f4b       0x6a Debug/GMG12864_lib.o
 .debug_macro   0x00000fb5      0x1df Debug/GMG12864_lib.o
 .debug_macro   0x00001194       0x1c Debug/GMG12864_lib.o
 .debug_macro   0x000011b0       0x22 Debug/GMG12864_lib.o
 .debug_macro   0x000011d2       0xbd Debug/GMG12864_lib.o
 .debug_macro   0x0000128f      0xd23 Debug/GMG12864_lib.o
 .debug_macro   0x00001fb2     0xe09e Debug/GMG12864_lib.o
 .debug_macro   0x00010050       0x6d Debug/GMG12864_lib.o
 .debug_macro   0x000100bd       0x22 Debug/GMG12864_lib.o
 .debug_macro   0x000100df       0x52 Debug/GMG12864_lib.o
 .debug_macro   0x00010131       0x18 Debug/GMG12864_lib.o
 .debug_macro   0x00010149       0x3c Debug/GMG12864_lib.o
 .debug_macro   0x00010185       0x34 Debug/GMG12864_lib.o
 .debug_macro   0x000101b9       0x16 Debug/GMG12864_lib.o
 .debug_macro   0x000101cf       0x97 Debug/GMG12864_lib.o
 .debug_macro   0x00010266      0x341 Debug/GMG12864_lib.o
 .debug_macro   0x000105a7       0xfd Debug/GMG12864_lib.o
 .debug_macro   0x000106a4       0x10 Debug/GMG12864_lib.o
 .debug_macro   0x000106b4       0x16 Debug/GMG12864_lib.o
 .debug_macro   0x000106ca       0x43 Debug/GMG12864_lib.o
 .debug_macro   0x0001070d       0x34 Debug/GMG12864_lib.o
 .debug_macro   0x00010741       0x10 Debug/GMG12864_lib.o
 .debug_macro   0x00010751       0x58 Debug/GMG12864_lib.o
 .debug_macro   0x000107a9       0x71 Debug/GMG12864_lib.o
 .debug_macro   0x0001081a       0x1c Debug/GMG12864_lib.o
 .debug_macro   0x00010836      0x12a Debug/GMG12864_lib.o
 .debug_macro   0x00010960       0x10 Debug/GMG12864_lib.o
 .debug_macro   0x00010970       0x1c Debug/GMG12864_lib.o
 .debug_macro   0x0001098c       0x52 Debug/GMG12864_lib.o
 .debug_macro   0x000109de       0x22 Debug/GMG12864_lib.o
 .debug_macro   0x00010a00       0x10 Debug/GMG12864_lib.o
 .debug_macro   0x00010a10       0x52 Debug/GMG12864_lib.o
 .debug_macro   0x00010a62       0xd5 Debug/GMG12864_lib.o
 .debug_macro   0x00010b37       0x1c Debug/GMG12864_lib.o
 .debug_macro   0x00010b53       0x3d Debug/GMG12864_lib.o
 .debug_macro   0x00010b90       0x16 Debug/GMG12864_lib.o
 .debug_macro   0x00010ba6      0x145 Debug/GMG12864_lib.o
 .debug_macro   0x00010ceb       0x16 Debug/GMG12864_lib.o
 .debug_macro   0x00010d01       0x35 Debug/GMG12864_lib.o
 .debug_macro   0x00010d36       0x70 Debug/GMG12864_lib.o
 .debug_macro   0x00010da6       0xc6 Debug/gpio.o
 .debug_macro   0x00010e6c      0x27e Debug/main.o
 .debug_macro   0x000110ea       0xdd Debug/stm32f103xx_CMSIS.o
 .debug_macro   0x000111c7       0xe5 Debug/stm32f103xx_it.o
 .debug_macro   0x000112ac       0xff Debug/sysmem.o
 .debug_macro   0x000113ab      0x23b Debug/sysmem.o
 .debug_macro   0x000115e6       0xc8 Debug/system_stm32f1xx.o

.debug_line     0x00000000     0x3553
 .debug_line    0x00000000      0xf93 Debug/GMG12864_lib.o
 .debug_line    0x00000f93      0x2a0 Debug/gpio.o
 .debug_line    0x00001233      0x49c Debug/main.o
 .debug_line    0x000016cf     0x14dd Debug/stm32f103xx_CMSIS.o
 .debug_line    0x00002bac      0x2f0 Debug/stm32f103xx_it.o
 .debug_line    0x00002e9c      0x311 Debug/sysmem.o
 .debug_line    0x000031ad      0x322 Debug/system_stm32f1xx.o
 .debug_line    0x000034cf       0x84 Debug/startup_stm32f103c8tx.o

.debug_str      0x00000000    0x59a0f
 .debug_str     0x00000000    0x58965 Debug/GMG12864_lib.o
                              0x58c62 (size before relaxing)
 .debug_str     0x00058965       0x54 Debug/gpio.o
                              0x54515 (size before relaxing)
 .debug_str     0x000589b9       0x15 Debug/main.o
                              0x587eb (size before relaxing)
 .debug_str     0x000589ce      0xa7e Debug/stm32f103xx_CMSIS.o
                              0x5510a (size before relaxing)
 .debug_str     0x0005944c       0x1a Debug/stm32f103xx_it.o
                              0x5455c (size before relaxing)
 .debug_str     0x00059466      0x4cf Debug/sysmem.o
                               0x5d1b (size before relaxing)
 .debug_str     0x00059935       0xa7 Debug/system_stm32f1xx.o
                              0x54593 (size before relaxing)
 .debug_str     0x000599dc       0x33 Debug/startup_stm32f103c8tx.o
                                 0x4e (size before relaxing)

.comment        0x00000000       0x49
 .comment       0x00000000       0x49 Debug/GMG12864_lib.o
                                 0x4a (size before relaxing)
 .comment       0x00000049       0x4a Debug/gpio.o
 .comment       0x00000049       0x4a Debug/main.o
 .comment       0x00000049       0x4a Debug/stm32f103xx_CMSIS.o
 .comment       0x00000049       0x4a Debug/stm32f103xx_it.o
 .comment       0x00000049       0x4a Debug/sysmem.o
 .comment       0x00000049       0x4a Debug/system_stm32f1xx.o

.debug_frame    0x00000000     0x1008
 .debug_frame   0x00000000      0x358 Debug/GMG12864_lib.o
 .debug_frame   0x00000358       0x30 Debug/gpio.o
 .debug_frame   0x00000388       0x2c Debug/main.o
 .debug_frame   0x000003b4      0x710 Debug/stm32f103xx_CMSIS.o
 .debug_frame   0x00000ac4       0x30 Debug/stm32f103xx_it.o
 .debug_frame   0x00000af4       0x34 Debug/sysmem.o
 .debug_frame   0x00000b28       0x58 Debug/system_stm32f1xx.o
 .debug_frame   0x00000b80       0x20 c:/dev_tools/stm32_tools/gnu-tools-for-stm32.12.3/tools/bin/../lib/gcc/arm-none-eabi/10.3.1/../../../../arm-none-eabi/lib/thumb/v7-m/nofp\libc_nano.a(lib_a-errno.o)
 .debug_frame   0x00000ba0       0x2c c:/dev_tools/stm32_tools/gnu-tools-for-stm32.12.3/tools/bin/../lib/gcc/arm-none-eabi/10.3.1/../../../../arm-none-eabi/lib/thumb/v7-m/nofp\libc_nano.a(lib_a-init.o)
 .debug_frame   0x00000bcc       0x20 c:/dev_tools/stm32_tools/gnu-tools-for-stm32.12.3/tools/bin/../lib/gcc/arm-none-eabi/10.3.1/../../../../arm-none-eabi/lib/thumb/v7-m/nofp\libc_nano.a(lib_a-memset.o)
 .debug_frame   0x00000bec       0x6c c:/dev_tools/stm32_tools/gnu-tools-for-stm32.12.3/tools/bin/../lib/gcc/arm-none-eabi/10.3.1/../../../../arm-none-eabi/lib/thumb/v7-m/nofp\libc_nano.a(lib_a-sprintf.o)
 .debug_frame   0x00000c58       0x90 c:/dev_tools/stm32_tools/gnu-tools-for-stm32.12.3/tools/bin/../lib/gcc/arm-none-eabi/10.3.1/../../../../arm-none-eabi/lib/thumb/v7-m/nofp\libc_nano.a(lib_a-nano-svfprintf.o)
 .debug_frame   0x00000ce8       0x60 c:/dev_tools/stm32_tools/gnu-tools-for-stm32.12.3/tools/bin/../lib/gcc/arm-none-eabi/10.3.1/../../../../arm-none-eabi/lib/thumb/v7-m/nofp\libc_nano.a(lib_a-nano-vfprintf_i.o)
 .debug_frame   0x00000d48       0x28 c:/dev_tools/stm32_tools/gnu-tools-for-stm32.12.3/tools/bin/../lib/gcc/arm-none-eabi/10.3.1/../../../../arm-none-eabi/lib/thumb/v7-m/nofp\libc_nano.a(lib_a-memchr-stub.o)
 .debug_frame   0x00000d70       0x28 c:/dev_tools/stm32_tools/gnu-tools-for-stm32.12.3/tools/bin/../lib/gcc/arm-none-eabi/10.3.1/../../../../arm-none-eabi/lib/thumb/v7-m/nofp\libc_nano.a(lib_a-memcpy-stub.o)
 .debug_frame   0x00000d98       0x28 c:/dev_tools/stm32_tools/gnu-tools-for-stm32.12.3/tools/bin/../lib/gcc/arm-none-eabi/10.3.1/../../../../arm-none-eabi/lib/thumb/v7-m/nofp\libc_nano.a(lib_a-memmove.o)
 .debug_frame   0x00000dc0       0x38 c:/dev_tools/stm32_tools/gnu-tools-for-stm32.12.3/tools/bin/../lib/gcc/arm-none-eabi/10.3.1/../../../../arm-none-eabi/lib/thumb/v7-m/nofp\libc_nano.a(lib_a-nano-freer.o)
 .debug_frame   0x00000df8       0x4c c:/dev_tools/stm32_tools/gnu-tools-for-stm32.12.3/tools/bin/../lib/gcc/arm-none-eabi/10.3.1/../../../../arm-none-eabi/lib/thumb/v7-m/nofp\libc_nano.a(lib_a-nano-mallocr.o)
 .debug_frame   0x00000e44       0x3c c:/dev_tools/stm32_tools/gnu-tools-for-stm32.12.3/tools/bin/../lib/gcc/arm-none-eabi/10.3.1/../../../../arm-none-eabi/lib/thumb/v7-m/nofp\libc_nano.a(lib_a-nano-reallocr.o)
 .debug_frame   0x00000e80       0x2c c:/dev_tools/stm32_tools/gnu-tools-for-stm32.12.3/tools/bin/../lib/gcc/arm-none-eabi/10.3.1/../../../../arm-none-eabi/lib/thumb/v7-m/nofp\libc_nano.a(lib_a-sbrkr.o)
 .debug_frame   0x00000eac       0x30 c:/dev_tools/stm32_tools/gnu-tools-for-stm32.12.3/tools/bin/../lib/gcc/arm-none-eabi/10.3.1/../../../../arm-none-eabi/lib/thumb/v7-m/nofp\libc_nano.a(lib_a-mlock.o)
 .debug_frame   0x00000edc       0x20 c:/dev_tools/stm32_tools/gnu-tools-for-stm32.12.3/tools/bin/../lib/gcc/arm-none-eabi/10.3.1/../../../../arm-none-eabi/lib/thumb/v7-m/nofp\libc_nano.a(lib_a-nano-msizer.o)
 .debug_frame   0x00000efc       0x5c c:/dev_tools/stm32_tools/gnu-tools-for-stm32.12.3/tools/bin/../lib/gcc/arm-none-eabi/10.3.1/../../../../arm-none-eabi/lib/thumb/v7-m/nofp\libc_nano.a(lib_a-reent.o)
 .debug_frame   0x00000f58       0xb0 c:/dev_tools/stm32_tools/gnu-tools-for-stm32.12.3/tools/bin/../lib/gcc/arm-none-eabi/10.3.1/../../../../arm-none-eabi/lib/thumb/v7-m/nofp\libc_nano.a(lib_a-lock.o)
