Drivers/CMSIS/core_cm3.h:1511:22:__NVIC_EnableIRQ	16	static
Core/Src/stm32f103xx_CMSIS.c:38:6:CMSIS_Debug_init	4	static
Core/Src/stm32f103xx_CMSIS.c:96:6:CMSIS_RCC_SystemClock_72MHz	4	static
Core/Src/stm32f103xx_CMSIS.c:460:6:CMSIS_SysTick_Timer_init	4	static
Core/Src/stm32f103xx_CMSIS.c:560:6:Delay_ms	16	static
Core/Src/stm32f103xx_CMSIS.c:572:13:SysTick_Handler	4	static
Core/Src/stm32f103xx_CMSIS.c:671:6:CMSIS_PC13_OUTPUT_Push_Pull_init	4	static
Core/Src/stm32f103xx_CMSIS.c:678:13:CMSIS_GPIO_MODE_Set	24	static
Core/Src/stm32f103xx_CMSIS.c:694:13:CMSIS_GPIO_SPEED_Set	24	static
Core/Src/stm32f103xx_CMSIS.c:714:13:CMSIS_GPIO_CNF_Set	24	static
Core/Src/stm32f103xx_CMSIS.c:725:13:CMSIS_GPIO_Reg_Set	24	static
Core/Src/stm32f103xx_CMSIS.c:789:6:CMSIS_GPIO_init	32	static
Core/Src/stm32f103xx_CMSIS.c:820:6:CMSIS_Blink_PC13	16	static
Core/Src/stm32f103xx_CMSIS.c:834:6:CMSIS_PA8_MCO_init	4	static
Core/Src/stm32f103xx_CMSIS.c:875:6:CMSIS_RCC_AFIO_enable	4	static
Core/Src/stm32f103xx_CMSIS.c:896:6:CMSIS_AFIO_EXTICR1_B0_select	4	static
Core/Src/stm32f103xx_CMSIS.c:906:6:CMSIS_PB0_INPUT_Pull_Down_init	4	static
Core/Src/stm32f103xx_CMSIS.c:923:6:CMSIS_EXTI_0_init	8	static
Core/Src/stm32f103xx_CMSIS.c:1003:13:EXTI0_IRQHandler	4	static
Core/Src/stm32f103xx_CMSIS.c:1074:6:CMSIS_TIM3_init	8	static
Core/Src/stm32f103xx_CMSIS.c:1104:6:CMSIS_TIM3_PWM_CHANNEL1_init	4	static
Core/Src/stm32f103xx_CMSIS.c:1125:6:CMSIS_TIM3_PWM_CHANNEL2_init	4	static
Core/Src/stm32f103xx_CMSIS.c:1146:13:TIM3_IRQHandler	4	static
Core/Src/stm32f103xx_CMSIS.c:1152:6:CMSIS_TIM1_init	4	static
Core/Src/stm32f103xx_CMSIS.c:1185:6:CMSIS_TIM1_PWM_CHANNEL1_init	4	static
Core/Src/stm32f103xx_CMSIS.c:1206:6:CMSIS_TIM1_PWM_CHANNEL2_init	4	static
Core/Src/stm32f103xx_CMSIS.c:1227:13:TIM1_UP_IRQHandler	4	static
Core/Src/stm32f103xx_CMSIS.c:1341:6:CMSIS_ADC_DMA_init	8	static
Core/Src/stm32f103xx_CMSIS.c:1449:13:ADC1_2_IRQHandler	4	static
Core/Src/stm32f103xx_CMSIS.c:1458:13:DMA1_Channel1_IRQHandler	4	static
Core/Src/stm32f103xx_CMSIS.c:1607:6:CMSIS_USART1_Init	8	static
Core/Src/stm32f103xx_CMSIS.c:1680:6:CMSIS_USART2_Init	8	static
Core/Src/stm32f103xx_CMSIS.c:1753:13:USART1_IRQHandler	4	static
Core/Src/stm32f103xx_CMSIS.c:1767:13:USART2_IRQHandler	4	static
Core/Src/stm32f103xx_CMSIS.c:1790:6:CMSIS_USART_Transmit	32	static
Core/Src/stm32f103xx_CMSIS.c:1855:6:CMSIS_I2C_Reset	16	static
Core/Src/stm32f103xx_CMSIS.c:1874:6:CMSIS_I2C_Init	16	static
Core/Src/stm32f103xx_CMSIS.c:1962:6:CMSIS_I2C_Adress_Device_Scan	24	static
Core/Src/stm32f103xx_CMSIS.c:2038:6:CMSIS_I2C_Data_Transmit	24	static
Core/Src/stm32f103xx_CMSIS.c:2140:6:CMSIS_I2C_Data_Receive	32	static
Core/Src/stm32f103xx_CMSIS.c:2250:6:CMSIS_I2C_MemWrite	24	static
Core/Src/stm32f103xx_CMSIS.c:2364:6:CMSIS_I2C_MemRead	24	static
Core/Src/stm32f103xx_CMSIS.c:2555:6:CMSIS_SPI1_init	4	static
Core/Src/stm32f103xx_CMSIS.c:2640:6:CMSIS_SPI_Data_Transmit_8BIT	32	static
Core/Src/stm32f103xx_CMSIS.c:2690:6:CMSIS_SPI_Data_Transmit_16BIT	32	static
Core/Src/stm32f103xx_CMSIS.c:2740:6:CMSIS_SPI_Data_Receive_8BIT	32	static
Core/Src/stm32f103xx_CMSIS.c:2787:6:CMSIS_SPI_Data_Receive_16BIT	32	static
Core/Src/stm32f103xx_CMSIS.c:2857:6:FLASH_Unlock	4	static
Core/Src/stm32f103xx_CMSIS.c:2870:6:FLASH_Lock	4	static
Core/Src/stm32f103xx_CMSIS.c:2882:6:FLASH_Page_erase	16	static
Core/Src/stm32f103xx_CMSIS.c:2906:6:FLASH_Page_write	32	static
Core/Src/stm32f103xx_CMSIS.c:2954:6:FLASH_Read_data	32	static
